User login successful
ERROR: Disk not found
Login failed for user admin
Connection timeout
ERROR: Permission denied

